// Jest Snapshot v1, https://goo.gl/fbAQLP

exports[`<Password/> snapshot测试 1`] = `
"<div id=\\"password\\">
  <el-form-stub model=\\"[object Object]\\" rules=\\"[object Object]\\" labelsuffix=\\"\\" statusicon=\\"true\\" showmessage=\\"true\\" validateonrulechange=\\"true\\">
    <h1>修改密码</h1>
    <el-form-item-stub label=\\"原密码\\" prop=\\"oldpwd\\" inlinemessage=\\"\\" showmessage=\\"true\\">
      <el-input-stub type=\\"text\\" autocomplete=\\"off\\" validateevent=\\"true\\"></el-input-stub>
    </el-form-item-stub>
    <el-form-item-stub label=\\"新密码\\" prop=\\"newpwd\\" inlinemessage=\\"\\" showmessage=\\"true\\">
      <el-input-stub type=\\"password\\" autocomplete=\\"off\\" validateevent=\\"true\\"></el-input-stub>
    </el-form-item-stub>
    <el-form-item-stub label=\\"确认密码\\" prop=\\"checkpwd\\" inlinemessage=\\"\\" showmessage=\\"true\\">
      <el-input-stub type=\\"password\\" autocomplete=\\"off\\" validateevent=\\"true\\"></el-input-stub>
    </el-form-item-stub>
    <el-button-stub type=\\"primary\\">确认更改</el-button-stub>
    <el-button-stub>取消</el-button-stub>
  </el-form-stub>
</div>"
`;
